// Jest Snapshot v1, https://goo.gl/fbAQLP

exports[`generator - rabbitmq gateway-jwt-gradle-enableTranslation(true)-com.package-fix--Rest-skipCommitHook(true)-websocket(false)-skipUserManagement(false)-serviceDiscoveryType(no) should match generated files snapshot 1`] = `
{
  ".yo-rc.json": {
    "stateCleared": "modified",
  },
  "src/main/java/com/package/config/RabbitMQConfig.java": {
    "stateCleared": "modified",
  },
  "src/main/java/com/package/domain/RabbitMessageModel.java": {
    "stateCleared": "modified",
  },
  "src/main/java/com/package/listener/RabbitMQConsumer.java": {
    "stateCleared": "modified",
  },
  "src/main/java/com/package/publisher/RabbitMQPublisher.java": {
    "stateCleared": "modified",
  },
}
`;

exports[`generator - rabbitmq gateway-oauth2-maven-enableTranslation(false)-tech.jhipster-jhi-Entity-DTO-skipCommitHook(false)-cucumber-enableSwaggerCodegen:true-websocket(true)-consul should match generated files snapshot 1`] = `
{
  ".yo-rc.json": {
    "stateCleared": "modified",
  },
  "src/main/java/tech/jhipster/config/RabbitMQConfig.java": {
    "stateCleared": "modified",
  },
  "src/main/java/tech/jhipster/domain/RabbitMessageModel.java": {
    "stateCleared": "modified",
  },
  "src/main/java/tech/jhipster/listener/RabbitMQConsumer.java": {
    "stateCleared": "modified",
  },
  "src/main/java/tech/jhipster/publisher/RabbitMQPublisher.java": {
    "stateCleared": "modified",
  },
}
`;

exports[`generator - rabbitmq microservice-jwt-reactive(false)-maven-enableTranslation(false)-tech.jhipster-jhi-Entity-DTO-skipCommitHook(false)-cucumber-websocket(false)-skipUserManagement(false)-serviceDiscoveryType(no) should match generated files snapshot 1`] = `
{
  ".yo-rc.json": {
    "stateCleared": "modified",
  },
  "src/main/java/tech/jhipster/config/RabbitMQConfig.java": {
    "stateCleared": "modified",
  },
  "src/main/java/tech/jhipster/domain/RabbitMessageModel.java": {
    "stateCleared": "modified",
  },
  "src/main/java/tech/jhipster/listener/RabbitMQConsumer.java": {
    "stateCleared": "modified",
  },
  "src/main/java/tech/jhipster/publisher/RabbitMQPublisher.java": {
    "stateCleared": "modified",
  },
}
`;

exports[`generator - rabbitmq microservice-jwt-reactive(true)-gradle-enableTranslation(true)-com.package-fix--Rest-skipCommitHook(true)-enableSwaggerCodegen:true-skipUserManagement(true)-eureka should match generated files snapshot 1`] = `
{
  ".yo-rc.json": {
    "stateCleared": "modified",
  },
  "src/main/java/com/package/config/RabbitMQConfig.java": {
    "stateCleared": "modified",
  },
  "src/main/java/com/package/domain/RabbitMessageModel.java": {
    "stateCleared": "modified",
  },
  "src/main/java/com/package/listener/RabbitMQConsumer.java": {
    "stateCleared": "modified",
  },
  "src/main/java/com/package/publisher/RabbitMQPublisher.java": {
    "stateCleared": "modified",
  },
}
`;

exports[`generator - rabbitmq microservice-oauth2-reactive(false)-maven-enableTranslation(false)-tech.jhipster-jhi-Entity-DTO-skipCommitHook(false)-gatling-enableSwaggerCodegen:true-websocket(true)-eureka should match generated files snapshot 1`] = `
{
  ".yo-rc.json": {
    "stateCleared": "modified",
  },
  "src/main/java/tech/jhipster/config/RabbitMQConfig.java": {
    "stateCleared": "modified",
  },
  "src/main/java/tech/jhipster/domain/RabbitMessageModel.java": {
    "stateCleared": "modified",
  },
  "src/main/java/tech/jhipster/listener/RabbitMQConsumer.java": {
    "stateCleared": "modified",
  },
  "src/main/java/tech/jhipster/publisher/RabbitMQPublisher.java": {
    "stateCleared": "modified",
  },
}
`;

exports[`generator - rabbitmq microservice-oauth2-reactive(true)-gradle-enableTranslation(true)-com.package-fix--Rest-skipCommitHook(true)-gatling-consul should match generated files snapshot 1`] = `
{
  ".yo-rc.json": {
    "stateCleared": "modified",
  },
  "src/main/java/com/package/config/RabbitMQConfig.java": {
    "stateCleared": "modified",
  },
  "src/main/java/com/package/domain/RabbitMessageModel.java": {
    "stateCleared": "modified",
  },
  "src/main/java/com/package/listener/RabbitMQConsumer.java": {
    "stateCleared": "modified",
  },
  "src/main/java/com/package/publisher/RabbitMQPublisher.java": {
    "stateCleared": "modified",
  },
}
`;

exports[`generator - rabbitmq monolith-jwt-reactive(false)-maven-enableTranslation(false)-tech.jhipster-jhi-Entity-DTO-skipCommitHook(false)-enableSwaggerCodegen:true-websocket(true)-skipUserManagement(false)-consul should match generated files snapshot 1`] = `
{
  ".yo-rc.json": {
    "stateCleared": "modified",
  },
  "src/main/java/tech/jhipster/config/RabbitMQConfig.java": {
    "stateCleared": "modified",
  },
  "src/main/java/tech/jhipster/domain/RabbitMessageModel.java": {
    "stateCleared": "modified",
  },
  "src/main/java/tech/jhipster/listener/RabbitMQConsumer.java": {
    "stateCleared": "modified",
  },
  "src/main/java/tech/jhipster/publisher/RabbitMQPublisher.java": {
    "stateCleared": "modified",
  },
}
`;

exports[`generator - rabbitmq monolith-jwt-reactive(true)-gradle-enableTranslation(true)-com.package-fix--Rest-skipCommitHook(true)-cucumber-skipUserManagement(true)-serviceDiscoveryType(no) should match generated files snapshot 1`] = `
{
  ".yo-rc.json": {
    "stateCleared": "modified",
  },
  "src/main/java/com/package/config/RabbitMQConfig.java": {
    "stateCleared": "modified",
  },
  "src/main/java/com/package/domain/RabbitMessageModel.java": {
    "stateCleared": "modified",
  },
  "src/main/java/com/package/listener/RabbitMQConsumer.java": {
    "stateCleared": "modified",
  },
  "src/main/java/com/package/publisher/RabbitMQPublisher.java": {
    "stateCleared": "modified",
  },
}
`;

exports[`generator - rabbitmq monolith-oauth2-reactive(false)-maven-enableTranslation(false)-tech.jhipster-jhi-Entity-DTO-skipCommitHook(false)-websocket(false)-serviceDiscoveryType(no) should match generated files snapshot 1`] = `
{
  ".yo-rc.json": {
    "stateCleared": "modified",
  },
  "src/main/java/tech/jhipster/config/RabbitMQConfig.java": {
    "stateCleared": "modified",
  },
  "src/main/java/tech/jhipster/domain/RabbitMessageModel.java": {
    "stateCleared": "modified",
  },
  "src/main/java/tech/jhipster/listener/RabbitMQConsumer.java": {
    "stateCleared": "modified",
  },
  "src/main/java/tech/jhipster/publisher/RabbitMQPublisher.java": {
    "stateCleared": "modified",
  },
}
`;

exports[`generator - rabbitmq monolith-oauth2-reactive(true)-gradle-enableTranslation(true)-com.package-fix--Rest-skipCommitHook(true)-cucumber-enableSwaggerCodegen:true-eureka should match generated files snapshot 1`] = `
{
  ".yo-rc.json": {
    "stateCleared": "modified",
  },
  "src/main/java/com/package/config/RabbitMQConfig.java": {
    "stateCleared": "modified",
  },
  "src/main/java/com/package/domain/RabbitMessageModel.java": {
    "stateCleared": "modified",
  },
  "src/main/java/com/package/listener/RabbitMQConsumer.java": {
    "stateCleared": "modified",
  },
  "src/main/java/com/package/publisher/RabbitMQPublisher.java": {
    "stateCleared": "modified",
  },
}
`;

exports[`generator - rabbitmq monolith-session-reactive(false)-maven-enableTranslation(false)-tech.jhipster-jhi-Entity-DTO-skipCommitHook(false)-gatling-websocket(false)-skipUserManagement(false)-serviceDiscoveryType(no) should match generated files snapshot 1`] = `
{
  ".yo-rc.json": {
    "stateCleared": "modified",
  },
  "src/main/java/tech/jhipster/config/RabbitMQConfig.java": {
    "stateCleared": "modified",
  },
  "src/main/java/tech/jhipster/domain/RabbitMessageModel.java": {
    "stateCleared": "modified",
  },
  "src/main/java/tech/jhipster/listener/RabbitMQConsumer.java": {
    "stateCleared": "modified",
  },
  "src/main/java/tech/jhipster/publisher/RabbitMQPublisher.java": {
    "stateCleared": "modified",
  },
}
`;

exports[`generator - rabbitmq monolith-session-reactive(true)-gradle-enableTranslation(true)-com.package-fix--Rest-skipCommitHook(true)-gatling-enableSwaggerCodegen:true-skipUserManagement(true)-consul should match generated files snapshot 1`] = `
{
  ".yo-rc.json": {
    "stateCleared": "modified",
  },
  "src/main/java/com/package/config/RabbitMQConfig.java": {
    "stateCleared": "modified",
  },
  "src/main/java/com/package/domain/RabbitMessageModel.java": {
    "stateCleared": "modified",
  },
  "src/main/java/com/package/listener/RabbitMQConsumer.java": {
    "stateCleared": "modified",
  },
  "src/main/java/com/package/publisher/RabbitMQPublisher.java": {
    "stateCleared": "modified",
  },
}
`;
