// Jest Snapshot v1, https://goo.gl/fbAQLP

exports[`generator - rest-api gateway-jwt-gradle-enableTranslation(true)-com.package-fix--Rest-skipCommitHook(true)-websocket(false)-skipUserManagement(false)-serviceDiscoveryType(no) should match generated files snapshot 1`] = `
{
  ".yo-rc.json": {
    "stateCleared": "modified",
  },
  "src/main/java/undefined/config/webClient/AccessToken.java": {
    "stateCleared": "modified",
  },
  "src/main/java/undefined/config/webClient/WebClientConfig.java": {
    "stateCleared": "modified",
  },
}
`;

exports[`generator - rest-api gateway-oauth2-maven-enableTranslation(false)-tech.jhipster-jhi-Entity-DTO-skipCommitHook(false)-cucumber-enableSwaggerCodegen:true-websocket(true)-consul should match generated files snapshot 1`] = `
{
  ".yo-rc.json": {
    "stateCleared": "modified",
  },
  "src/main/java/undefined/config/webClient/AccessToken.java": {
    "stateCleared": "modified",
  },
  "src/main/java/undefined/config/webClient/WebClientConfig.java": {
    "stateCleared": "modified",
  },
}
`;

exports[`generator - rest-api microservice-jwt-reactive(false)-maven-enableTranslation(false)-tech.jhipster-jhi-Entity-DTO-skipCommitHook(false)-cucumber-websocket(false)-skipUserManagement(false)-serviceDiscoveryType(no) should match generated files snapshot 1`] = `
{
  ".yo-rc.json": {
    "stateCleared": "modified",
  },
  "src/main/java/undefined/config/webClient/AccessToken.java": {
    "stateCleared": "modified",
  },
  "src/main/java/undefined/config/webClient/WebClientConfig.java": {
    "stateCleared": "modified",
  },
}
`;

exports[`generator - rest-api microservice-jwt-reactive(true)-gradle-enableTranslation(true)-com.package-fix--Rest-skipCommitHook(true)-enableSwaggerCodegen:true-skipUserManagement(true)-eureka should match generated files snapshot 1`] = `
{
  ".yo-rc.json": {
    "stateCleared": "modified",
  },
  "src/main/java/undefined/config/webClient/AccessToken.java": {
    "stateCleared": "modified",
  },
  "src/main/java/undefined/config/webClient/WebClientConfig.java": {
    "stateCleared": "modified",
  },
}
`;

exports[`generator - rest-api microservice-oauth2-reactive(false)-maven-enableTranslation(false)-tech.jhipster-jhi-Entity-DTO-skipCommitHook(false)-gatling-enableSwaggerCodegen:true-websocket(true)-eureka should match generated files snapshot 1`] = `
{
  ".yo-rc.json": {
    "stateCleared": "modified",
  },
  "src/main/java/undefined/config/webClient/AccessToken.java": {
    "stateCleared": "modified",
  },
  "src/main/java/undefined/config/webClient/WebClientConfig.java": {
    "stateCleared": "modified",
  },
}
`;

exports[`generator - rest-api microservice-oauth2-reactive(true)-gradle-enableTranslation(true)-com.package-fix--Rest-skipCommitHook(true)-gatling-consul should match generated files snapshot 1`] = `
{
  ".yo-rc.json": {
    "stateCleared": "modified",
  },
  "src/main/java/undefined/config/webClient/AccessToken.java": {
    "stateCleared": "modified",
  },
  "src/main/java/undefined/config/webClient/WebClientConfig.java": {
    "stateCleared": "modified",
  },
}
`;

exports[`generator - rest-api monolith-jwt-reactive(false)-maven-enableTranslation(false)-tech.jhipster-jhi-Entity-DTO-skipCommitHook(false)-enableSwaggerCodegen:true-websocket(true)-skipUserManagement(false)-consul should match generated files snapshot 1`] = `
{
  ".yo-rc.json": {
    "stateCleared": "modified",
  },
  "src/main/java/undefined/config/webClient/AccessToken.java": {
    "stateCleared": "modified",
  },
  "src/main/java/undefined/config/webClient/WebClientConfig.java": {
    "stateCleared": "modified",
  },
}
`;

exports[`generator - rest-api monolith-jwt-reactive(true)-gradle-enableTranslation(true)-com.package-fix--Rest-skipCommitHook(true)-cucumber-skipUserManagement(true)-serviceDiscoveryType(no) should match generated files snapshot 1`] = `
{
  ".yo-rc.json": {
    "stateCleared": "modified",
  },
  "src/main/java/undefined/config/webClient/AccessToken.java": {
    "stateCleared": "modified",
  },
  "src/main/java/undefined/config/webClient/WebClientConfig.java": {
    "stateCleared": "modified",
  },
}
`;

exports[`generator - rest-api monolith-oauth2-reactive(false)-maven-enableTranslation(false)-tech.jhipster-jhi-Entity-DTO-skipCommitHook(false)-websocket(false)-serviceDiscoveryType(no) should match generated files snapshot 1`] = `
{
  ".yo-rc.json": {
    "stateCleared": "modified",
  },
  "src/main/java/undefined/config/webClient/AccessToken.java": {
    "stateCleared": "modified",
  },
  "src/main/java/undefined/config/webClient/WebClientConfig.java": {
    "stateCleared": "modified",
  },
}
`;

exports[`generator - rest-api monolith-oauth2-reactive(true)-gradle-enableTranslation(true)-com.package-fix--Rest-skipCommitHook(true)-cucumber-enableSwaggerCodegen:true-eureka should match generated files snapshot 1`] = `
{
  ".yo-rc.json": {
    "stateCleared": "modified",
  },
  "src/main/java/undefined/config/webClient/AccessToken.java": {
    "stateCleared": "modified",
  },
  "src/main/java/undefined/config/webClient/WebClientConfig.java": {
    "stateCleared": "modified",
  },
}
`;

exports[`generator - rest-api monolith-session-reactive(false)-maven-enableTranslation(false)-tech.jhipster-jhi-Entity-DTO-skipCommitHook(false)-gatling-websocket(false)-skipUserManagement(false)-serviceDiscoveryType(no) should match generated files snapshot 1`] = `
{
  ".yo-rc.json": {
    "stateCleared": "modified",
  },
  "src/main/java/undefined/config/webClient/AccessToken.java": {
    "stateCleared": "modified",
  },
  "src/main/java/undefined/config/webClient/WebClientConfig.java": {
    "stateCleared": "modified",
  },
}
`;

exports[`generator - rest-api monolith-session-reactive(true)-gradle-enableTranslation(true)-com.package-fix--Rest-skipCommitHook(true)-gatling-enableSwaggerCodegen:true-skipUserManagement(true)-consul should match generated files snapshot 1`] = `
{
  ".yo-rc.json": {
    "stateCleared": "modified",
  },
  "src/main/java/undefined/config/webClient/AccessToken.java": {
    "stateCleared": "modified",
  },
  "src/main/java/undefined/config/webClient/WebClientConfig.java": {
    "stateCleared": "modified",
  },
}
`;
